This is pdfTeX, Version 3.141592653-2.6-1.40.29 (MiKTeX 26.5) (preloaded format=pdflatex 2026.8.17)  17 AUG 2026 23:21
entering extended mode
 restricted \write18 enabled.
 %&-line parsing enabled.
**./main.tex
(main.tex
LaTeX2e <2026-06-01>
L3 programming layer <2026-07-20>

(C:\Users\LUCAS E GABRIEL\AppData\Local\Programs\MiKTeX\tex/latex/base\article.
cls
Document Class: article 2025/01/22 v1.4n Standard LaTeX document class

(C:\Users\LUCAS E GABRIEL\AppData\Local\Programs\MiKTeX\tex/latex/base\size12.c
lo
File: size12.clo 2025/01/22 v1.4n Standard LaTeX file (size option)
)
\c@part=\count276
\c@section=\count277
\c@subsection=\count278
\c@subsubsection=\count279
\c@paragraph=\count280
\c@subparagraph=\count281
\c@figure=\count282
\c@table=\count283
\abovecaptionskip=\skip49
\belowcaptionskip=\skip50
\bibindent=\dimen150
)
(C:\Users\LUCAS E GABRIEL\AppData\Local\Programs\MiKTeX\tex/latex/booktabs\book
tabs.sty
Package: booktabs 2020/01/12 v1.61803398 Publication quality tables
\heavyrulewidth=\dimen151
\lightrulewidth=\dimen152
\cmidrulewidth=\dimen153
\belowrulesep=\dimen154
\belowbottomsep=\dimen155
\aboverulesep=\dimen156
\abovetopsep=\dimen157
\cmidrulesep=\dimen158
\cmidrulekern=\dimen159
\defaultaddspace=\dimen160
\@cmidla=\count284
\@cmidlb=\count285
\@aboverulesep=\dimen161
\@belowrulesep=\dimen162
\@thisruleclass=\count286
\@lastruleclass=\count287
\@thisrulewidth=\dimen163
)
(C:\Users\LUCAS E GABRIEL\AppData\Local\Programs\MiKTeX\tex/latex/multirow\mult
irow.sty
Package: multirow 2024/11/12 v2.9 Span multiple rows of a table
\multirow@colwidth=\skip51
\multirow@cntb=\count288
\multirow@dima=\skip52
\bigstrutjot=\dimen164
)
(C:\Users\LUCAS E GABRIEL\AppData\Local\Programs\MiKTeX\tex/latex/base\fontenc.
sty
Package: fontenc 2025/07/18 v2.1d Standard LaTeX package
)
(C:\Users\LUCAS E GABRIEL\AppData\Local\Programs\MiKTeX\tex/latex/base\inputenc
.sty
Package: inputenc 2024/02/08 v1.3d Input encoding file
\inpenc@prehook=\toks17
\inpenc@posthook=\toks18
)
   defining Unicode char U+0301 (decimal 769)

(C:\Users\LUCAS E GABRIEL\AppData\Local\Programs\MiKTeX\tex/latex/hyperref\hype
rref.sty
Package: hyperref 2026-06-17 v7.01r Hypertext links for LaTeX

(C:\Users\LUCAS E GABRIEL\AppData\Local\Programs\MiKTeX\tex/generic/iftex\iftex
.sty
Package: iftex 2024/12/12 v1.0g TeX engine tests
)
(C:\Users\LUCAS E GABRIEL\AppData\Local\Programs\MiKTeX\tex/latex/graphics\keyv
al.sty
Package: keyval 2026-05-17 v1.15 key=value parser (DPC)
\KV@toks@=\toks19
)
(C:\Users\LUCAS E GABRIEL\AppData\Local\Programs\MiKTeX\tex/latex/kvsetkeys\kvs
etkeys.sty
Package: kvsetkeys 2022-10-05 v1.19 Key value parser (HO)
)
(C:\Users\LUCAS E GABRIEL\AppData\Local\Programs\MiKTeX\tex/generic/kvdefinekey
s\kvdefinekeys.sty
Package: kvdefinekeys 2019-12-19 v1.6 Define keys (HO)
)
(C:\Users\LUCAS E GABRIEL\AppData\Local\Programs\MiKTeX\tex/generic/pdfescape\p
dfescape.sty
Package: pdfescape 2019/12/09 v1.15 Implements pdfTeX's escape features (HO)

(C:\Users\LUCAS E GABRIEL\AppData\Local\Programs\MiKTeX\tex/generic/ltxcmds\ltx
cmds.sty
Package: ltxcmds 2023-12-04 v1.26 LaTeX kernel commands for general use (HO)
)
(C:\Users\LUCAS E GABRIEL\AppData\Local\Programs\MiKTeX\tex/generic/pdftexcmds\
pdftexcmds.sty
Package: pdftexcmds 2020-06-27 v0.33 Utility functions of pdfTeX for LuaTeX (HO
)

(C:\Users\LUCAS E GABRIEL\AppData\Local\Programs\MiKTeX\tex/generic/infwarerr\i
nfwarerr.sty
Package: infwarerr 2019/12/03 v1.5 Providing info/warning/error messages (HO)
)
Package pdftexcmds Info: \pdf@primitive is available.
Package pdftexcmds Info: \pdf@ifprimitive is available.
Package pdftexcmds Info: \pdfdraftmode found.
))
(C:\Users\LUCAS E GABRIEL\AppData\Local\Programs\MiKTeX\tex/latex/hycolor\hycol
or.sty
Package: hycolor 2020-01-27 v1.10 Color options for hyperref/bookmark (HO)
)
(C:\Users\LUCAS E GABRIEL\AppData\Local\Programs\MiKTeX\tex/latex/hyperref\name
ref.sty
Package: nameref 2026-01-29 v2.58 Cross-referencing by name of section

(C:\Users\LUCAS E GABRIEL\AppData\Local\Programs\MiKTeX\tex/latex/refcount\refc
ount.sty
Package: refcount 2019/12/15 v3.6 Data extraction from label references (HO)
)
(C:\Users\LUCAS E GABRIEL\AppData\Local\Programs\MiKTeX\tex/generic/gettitlestr
ing\gettitlestring.sty
Package: gettitlestring 2019/12/15 v1.6 Cleanup title references (HO)

(C:\Users\LUCAS E GABRIEL\AppData\Local\Programs\MiKTeX\tex/latex/kvoptions\kvo
ptions.sty
Package: kvoptions 2022-06-15 v3.15 Key value format for package options (HO)
))
\c@section@level=\count289
)
(C:\Users\LUCAS E GABRIEL\AppData\Local\Programs\MiKTeX\tex/latex/etoolbox\etoo
lbox.sty
Package: etoolbox 2025/10/02 v2.5m e-TeX tools for LaTeX (JAW)
\etb@tempcnta=\count290
)
(C:\Users\LUCAS E GABRIEL\AppData\Local\Programs\MiKTeX\tex/generic/stringenc\s
tringenc.sty
Package: stringenc 2019/11/29 v1.12 Convert strings between diff. encodings (HO
)
)
\@linkdim=\dimen165
\Hy@linkcounter=\count291
\Hy@pagecounter=\count292

(C:\Users\LUCAS E GABRIEL\AppData\Local\Programs\MiKTeX\tex/latex/hyperref\pd1e
nc.def
File: pd1enc.def 2026-06-17 v7.01r Hyperref: PDFDocEncoding definition (HO)
Now handling font encoding PD1 ...
... no UTF-8 mapping file for font encoding PD1
)
(C:\Users\LUCAS E GABRIEL\AppData\Local\Programs\MiKTeX\tex/generic/intcalc\int
calc.sty
Package: intcalc 2019/12/15 v1.3 Expandable calculations with integers (HO)
)
\Hy@SavedSpaceFactor=\count293

(C:\Users\LUCAS E GABRIEL\AppData\Local\Programs\MiKTeX\tex/latex/hyperref\puen
c.def
File: puenc.def 2026-06-17 v7.01r Hyperref: PDF Unicode definition (HO)
Now handling font encoding PU ...
... no UTF-8 mapping file for font encoding PU
)
Package hyperref Info: Hyper figures OFF on input line 4199.
Package hyperref Info: Link nesting OFF on input line 4204.
Package hyperref Info: Hyper index ON on input line 4207.
Package hyperref Info: Plain pages OFF on input line 4214.
Package hyperref Info: Backreferencing OFF on input line 4219.
Package hyperref Info: Implicit mode ON; LaTeX internals redefined.
Package hyperref Info: Bookmarks ON on input line 4466.
\c@Hy@tempcnt=\count294

(C:\Users\LUCAS E GABRIEL\AppData\Local\Programs\MiKTeX\tex/latex/url\url.sty
\Urlmuskip=\muskip17
Package: url 2013/09/16  ver 3.4  Verb mode for urls, etc.
)
LaTeX Info: Redefining \url on input line 4805.
\XeTeXLinkMargin=\dimen166

(C:\Users\LUCAS E GABRIEL\AppData\Local\Programs\MiKTeX\tex/generic/bitset\bits
et.sty
Package: bitset 2019/12/09 v1.3 Handle bit-vector datatype (HO)

(C:\Users\LUCAS E GABRIEL\AppData\Local\Programs\MiKTeX\tex/generic/bigintcalc\
bigintcalc.sty
Package: bigintcalc 2019/12/15 v1.5 Expandable calculations on big integers (HO
)
))
\Fld@menulength=\count295
\Field@Width=\dimen167
\Fld@charsize=\dimen168
Package hyperref Info: Hyper figures OFF on input line 6091.
Package hyperref Info: Link nesting OFF on input line 6096.
Package hyperref Info: Hyper index ON on input line 6099.
Package hyperref Info: backreferencing OFF on input line 6106.
Package hyperref Info: Link coloring OFF on input line 6111.
Package hyperref Info: Link coloring with OCG OFF on input line 6116.
Package hyperref Info: PDF/A mode OFF on input line 6121.
\Hy@abspage=\count296
\c@Item=\count297
\c@Hfootnote=\count298
)
Package hyperref Info: Driver (autodetected): hpdftex.

(C:\Users\LUCAS E GABRIEL\AppData\Local\Programs\MiKTeX\tex/latex/hyperref\hpdf
tex.def
File: hpdftex.def 2026-06-17 v7.01r Hyperref driver for pdfTeX
\Fld@listcount=\count299
\c@bookmark@seq@number=\count300

(C:\Users\LUCAS E GABRIEL\AppData\Local\Programs\MiKTeX\tex/latex/rerunfilechec
k\rerunfilecheck.sty
Package: rerunfilecheck 2025-06-21 v1.11 Rerun checks for auxiliary files (HO)

(C:\Users\LUCAS E GABRIEL\AppData\Local\Programs\MiKTeX\tex/generic/uniquecount
er\uniquecounter.sty
Package: uniquecounter 2019/12/15 v1.4 Provide unlimited unique counter (HO)
)
Package uniquecounter Info: New unique counter `rerunfilecheck' on input line 2
84.
)
\Hy@SectionHShift=\skip53
)
(C:\Users\LUCAS E GABRIEL\AppData\Local\Programs\MiKTeX\tex/latex/xcolor\xcolor
.sty
Package: xcolor 2024/09/29 v3.02 LaTeX color extensions (UK)

(C:\Users\LUCAS E GABRIEL\AppData\Local\Programs\MiKTeX\tex/latex/graphics-cfg\
color.cfg
File: color.cfg 2016/01/02 v1.6 sample color configuration
)
Package xcolor Info: Driver file: pdftex.def on input line 274.

(C:\Users\LUCAS E GABRIEL\AppData\Local\Programs\MiKTeX\tex/latex/graphics-def\
pdftex.def
File: pdftex.def 2025/09/29 v1.2d Graphics/color driver for pdftex
)
(C:\Users\LUCAS E GABRIEL\AppData\Local\Programs\MiKTeX\tex/latex/graphics\math
color.ltx)
Package xcolor Info: Model `cmy' substituted by `cmy0' on input line 1349.
Package xcolor Info: Model `hsb' substituted by `rgb' on input line 1353.
Package xcolor Info: Model `RGB' extended on input line 1365.
Package xcolor Info: Model `HTML' substituted by `rgb' on input line 1367.
Package xcolor Info: Model `Hsb' substituted by `hsb' on input line 1368.
Package xcolor Info: Model `tHsb' substituted by `hsb' on input line 1369.
Package xcolor Info: Model `HSB' substituted by `hsb' on input line 1370.
Package xcolor Info: Model `Gray' substituted by `gray' on input line 1371.
Package xcolor Info: Model `wave' substituted by `hsb' on input line 1372.
)
Package hyperref Info: Option `setpagesize' set `false' on input line 20.
Package hyperref Info: Option `colorlinks' set `true' on input line 20.

(C:\Users\LUCAS E GABRIEL\AppData\Local\Programs\MiKTeX\tex/latex/preprint\auth
blk.sty
Package: authblk 2001/02/27 1.3 (PWD)
\affilsep=\skip54
\@affilsep=\skip55
\c@Maxaffil=\count301
\c@authors=\count302
\c@affil=\count303
)
(C:\Users\LUCAS E GABRIEL\AppData\Local\Programs\MiKTeX\tex/latex/geometry\geom
etry.sty
Package: geometry 2026/03/07 v6.0 Page Geometry

(C:\Users\LUCAS E GABRIEL\AppData\Local\Programs\MiKTeX\tex/generic/iftex\ifvte
x.sty
Package: ifvtex 2019/10/25 v1.7 ifvtex legacy package. Use iftex instead.
)
\Gm@cnth=\count304
\Gm@cntv=\count305
\c@Gm@tempcnt=\count306
\Gm@bindingoffset=\dimen169
\Gm@wd@mp=\dimen170
\Gm@odd@mp=\dimen171
\Gm@even@mp=\dimen172
\Gm@layoutwidth=\dimen173
\Gm@layoutheight=\dimen174
\Gm@layouthoffset=\dimen175
\Gm@layoutvoffset=\dimen176
\Gm@dimlist=\toks20

(C:\Users\LUCAS E GABRIEL\AppData\Local\Programs\MiKTeX\tex/latex/geometry\geom
etry.cfg))
(C:\Users\LUCAS E GABRIEL\AppData\Local\Programs\MiKTeX\tex/latex/setspace\sets
pace.sty
Package: setspace 2022/12/04 v6.7b set line spacing
)
(C:\Users\LUCAS E GABRIEL\AppData\Local\Programs\MiKTeX\tex/latex/tools\verbati
m.sty
Package: verbatim 2024-01-22 v1.5x LaTeX2e package for verbatim enhancements
\every@verbatim=\toks21
\verbatim@line=\toks22
\verbatim@in@stream=\read2
)
(C:\Users\LUCAS E GABRIEL\AppData\Local\Programs\MiKTeX\tex/latex/amsmath\amsma
th.sty
Package: amsmath 2026/05/19 v2.18d AMS math features
\@mathmargin=\skip56

For additional information on amsmath, use the `?' option.

(C:\Users\LUCAS E GABRIEL\AppData\Local\Programs\MiKTeX\tex/latex/amsmath\amste
xt.sty
Package: amstext 2024/11/17 v2.01 AMS text

(C:\Users\LUCAS E GABRIEL\AppData\Local\Programs\MiKTeX\tex/latex/amsmath\amsge
n.sty
File: amsgen.sty 1999/11/30 v2.0 generic functions
\@emptytoks=\toks23
\ex@=\dimen177
))
(C:\Users\LUCAS E GABRIEL\AppData\Local\Programs\MiKTeX\tex/latex/amsmath\amsbs
y.sty
Package: amsbsy 1999/11/29 v1.2d Bold Symbols
\pmbraise@=\dimen178
)
(C:\Users\LUCAS E GABRIEL\AppData\Local\Programs\MiKTeX\tex/latex/amsmath\amsop
n.sty
Package: amsopn 2022/04/08 v2.04 operator names
)
\inf@bad=\count307
LaTeX Info: Redefining \frac on input line 233.
\uproot@=\count308
\leftroot@=\count309
LaTeX Info: Redefining \overline on input line 398.
LaTeX Info: Redefining \colon on input line 409.
\classnum@=\count310
\DOTSCASE@=\count311
LaTeX Info: Redefining \ldots on input line 495.
LaTeX Info: Redefining \dots on input line 498.
LaTeX Info: Redefining \cdots on input line 619.
\Mathstrutbox@=\box53
\strutbox@=\box54
LaTeX Info: Redefining \big on input line 721.
LaTeX Info: Redefining \Big on input line 722.
LaTeX Info: Redefining \bigg on input line 723.
LaTeX Info: Redefining \Bigg on input line 724.
\big@size=\dimen179
LaTeX Font Info:    Redeclaring font encoding OML on input line 742.
LaTeX Font Info:    Redeclaring font encoding OMS on input line 743.
\macc@depth=\count312
LaTeX Info: Redefining \bmod on input line 904.
LaTeX Info: Redefining \pmod on input line 909.
LaTeX Info: Redefining \smash on input line 939.
LaTeX Info: Redefining \relbar on input line 969.
LaTeX Info: Redefining \Relbar on input line 970.
\c@MaxMatrixCols=\count313
\dotsspace@=\muskip18
\c@parentequation=\count314
\dspbrk@lvl=\count315
\tag@help=\toks24
\row@=\count316
\column@=\count317
\maxfields@=\count318
\andhelp@=\toks25
\eqnshift@=\dimen180
\alignsep@=\dimen181
\tagshift@=\dimen182
\tagwidth@=\dimen183
\totwidth@=\dimen184
\lineht@=\dimen185
\@envbody=\toks26
\multlinegap=\skip57
\multlinetaggap=\skip58
\mathdisplay@stack=\toks27
LaTeX Info: Redefining \[ on input line 2965.
LaTeX Info: Redefining \] on input line 2966.
)
(C:\Users\LUCAS E GABRIEL\AppData\Local\Programs\MiKTeX\tex/latex/amsfonts\amss
ymb.sty
Package: amssymb 2013/01/14 v3.01 AMS font symbols

(C:\Users\LUCAS E GABRIEL\AppData\Local\Programs\MiKTeX\tex/latex/amsfonts\amsf
onts.sty
Package: amsfonts 2013/01/14 v3.01 Basic AMSFonts support
\symAMSa=\mathgroup4
\symAMSb=\mathgroup5
LaTeX Font Info:    Redeclaring math symbol \hbar on input line 98.
LaTeX Font Info:    Overwriting math alphabet `\mathfrak' in version `bold'
(Font)                  U/euf/m/n --> U/euf/b/n on input line 106.
))
(C:\Users\LUCAS E GABRIEL\AppData\Local\Programs\MiKTeX\tex/latex/gensymb\gensy
mb.sty
Package: gensymb 2022/10/17 v1.0.2 (KJH)
)
(C:\Users\LUCAS E GABRIEL\AppData\Local\Programs\MiKTeX\tex/latex/ragged2e\ragg
ed2e.sty
Package: ragged2e 2023/06/22 v3.6 ragged2e Package
\CenteringLeftskip=\skip59
\RaggedLeftLeftskip=\skip60
\RaggedRightLeftskip=\skip61
\CenteringRightskip=\skip62
\RaggedLeftRightskip=\skip63
\RaggedRightRightskip=\skip64
\CenteringParfillskip=\skip65
\RaggedLeftParfillskip=\skip66
\RaggedRightParfillskip=\skip67
\JustifyingParfillskip=\skip68
\CenteringParindent=\skip69
\RaggedLeftParindent=\skip70
\RaggedRightParindent=\skip71
\JustifyingParindent=\skip72
)
(C:\Users\LUCAS E GABRIEL\AppData\Local\Programs\MiKTeX\tex/latex/minted\minted
.sty
Package: minted 2026/03/03 v3.8.0 Yet another Pygments shim for LaTeX

(C:\Users\LUCAS E GABRIEL\AppData\Local\Programs\MiKTeX\tex/generic/catchfile\c
atchfile.sty
Package: catchfile 2019/12/09 v1.8 Catch the contents of a file (HO)

(C:\Users\LUCAS E GABRIEL\AppData\Local\Programs\MiKTeX\tex/generic/etexcmds\et
excmds.sty
Package: etexcmds 2019/12/15 v1.7 Avoid name clashes with e-TeX commands (HO)
))
(C:\Users\LUCAS E GABRIEL\AppData\Local\Programs\MiKTeX\tex/latex/fvextra\fvext
ra.sty
Package: fvextra 2026/02/25 v1.14.0 fvextra - extensions and patches for fancyv
rb

(C:\Users\LUCAS E GABRIEL\AppData\Local\Programs\MiKTeX\tex/latex/fancyvrb\fanc
yvrb.sty
Package: fancyvrb 2026/04/16 4.6a verbatim text (tvz,hv)
\FV@CodeLineNo=\count319
\FV@InFile=\read3
\FV@TabBox=\box55
\c@FancyVerbLine=\count320
\FV@StepNumber=\count321
\FV@OutFile=\write3
)
(C:\Users\LUCAS E GABRIEL\AppData\Local\Programs\MiKTeX\tex/latex/upquote\upquo
te.sty
Package: upquote 2012/04/19 v1.3 upright-quote and grave-accent glyphs in verba
tim

(C:\Users\LUCAS E GABRIEL\AppData\Local\Programs\MiKTeX\tex/latex/base\textcomp
.sty
Package: textcomp 2024/04/24 v2.1b Standard LaTeX package
))
(C:\Users\LUCAS E GABRIEL\AppData\Local\Programs\MiKTeX\tex/latex/lineno\lineno
.sty
Package: lineno 2026/03/08 line numbers on paragraphs v5.9
\linenopenalty=\count322
\output=\toks28
\linenoprevgraf=\count323
\linenumbersep=\dimen186
\linenumberwidth=\dimen187
\c@linenumber=\count324
\c@pagewiselinenumber=\count325
\c@LN@truepage=\count326
\c@internallinenumber=\count327
\c@internallinenumbers=\count328
\quotelinenumbersep=\dimen188
\bframerule=\dimen189
\bframesep=\dimen190
\bframebox=\box56
\@LN@amsmath@ams@eqpen=\count329
)
\c@FancyVerbWriteLine=\count330
\c@FancyVerbBufferLine=\count331
\c@FV@TrueTabGroupLevel=\count332
\c@FV@TrueTabCounter=\count333
\FV@TabBox@Group=\box57
\FV@bgcolorstructbox=\box58
\FV@TmpLength=\skip73
\c@FV@HighlightLinesStart=\count334
\c@FV@HighlightLinesStop=\count335
\FV@LoopCount=\count336
\FV@NCharsBox=\box59
\FV@BreakIndent=\dimen191
\FV@BreakIndentNChars=\count337
\FV@BreakSymbolSepLeft=\dimen192
\FV@BreakSymbolSepLeftNChars=\count338
\FV@BreakSymbolSepRight=\dimen193
\FV@BreakSymbolSepRightNChars=\count339
\FV@BreakSymbolIndentLeft=\dimen194
\FV@BreakSymbolIndentLeftNChars=\count340
\FV@BreakSymbolIndentRight=\dimen195
\FV@BreakSymbolIndentRightNChars=\count341
\c@FancyVerbLineBreakLast=\count342
\FV@LineBox=\box60
\FV@LineIndentBox=\box61
\c@FV@BreakBufferDepth=\count343
\FV@LineWidth=\dimen196
)
(C:\Users\LUCAS E GABRIEL\AppData\Local\Programs\MiKTeX\tex/latex/latex2pydata\
latex2pydata.sty
Package: latex2pydata 2026/02/25 v0.7.0 latex2pydata - write data to file in Py
thon literal format
)
(C:\Users\LUCAS E GABRIEL\AppData\Local\Programs\MiKTeX\tex/latex/pgf/utilities
\pgfkeys.sty
(C:\Users\LUCAS E GABRIEL\AppData\Local\Programs\MiKTeX\tex/generic/pgf/utiliti
es\pgfkeys.code.tex
\pgfkeys@pathtoks=\toks29
\pgfkeys@temptoks=\toks30

(C:\Users\LUCAS E GABRIEL\AppData\Local\Programs\MiKTeX\tex/generic/pgf/utiliti
es\pgfkeyslibraryfiltered.code.tex
\pgfkeys@tmptoks=\toks31
)))
(C:\Users\LUCAS E GABRIEL\AppData\Local\Programs\MiKTeX\tex/latex/pgfopts\pgfop
ts.sty
Package: pgfopts 2014/07/10 v2.1a LaTeX package options with pgfkeys
\pgfopts@list@add@a@toks=\toks32
\pgfopts@list@add@b@toks=\toks33
)
(C:\Users\LUCAS E GABRIEL\AppData\Local\Programs\MiKTeX\tex/latex/tools\shelles
c.sty
Package: shellesc 2023/07/08 v1.0d unified shell escape interface for LaTeX
Package shellesc Info: Restricted shell escape enabled on input line 77.
)
(C:\Users\LUCAS E GABRIEL\AppData\Local\Programs\MiKTeX\tex/latex/float\float.s
ty
Package: float 2001/11/08 v1.3d Float enhancements (AL)
\c@float@type=\count344
\float@exts=\toks34
\float@box=\box62
\@float@everytoks=\toks35
\@floatcapt=\box63
)
\c@minted@FancyVerbLineTemp=\count345
\@float@every@listing=\toks36
\c@listing=\count346
)
(C:\Users\LUCAS E GABRIEL\AppData\Local\Programs\MiKTeX\tex/latex/cancel\cancel
.sty
Package: cancel 2013/04/12 v2.2 Cancel math terms
)
(C:\Users\LUCAS E GABRIEL\AppData\Local\Programs\MiKTeX\tex/latex/tools\tabular
x.sty
Package: tabularx 2023/12/11 v2.12a `tabularx' package (DPC)

(C:\Users\LUCAS E GABRIEL\AppData\Local\Programs\MiKTeX\tex/latex/tools\array.s
ty
Package: array 2026/02/24 v2.7b Tabular extension package (FMi)
\col@sep=\dimen197
\ar@mcellbox=\box64
\extrarowheight=\dimen198
\NC@list=\toks37
\extratabsurround=\skip74
\backup@length=\skip75
\ar@cellbox=\box65
)
\TX@col@width=\dimen199
\TX@old@table=\dimen256
\TX@old@col=\dimen257
\TX@target=\dimen258
\TX@delta=\dimen259
\TX@cols=\count347
\TX@ftn=\toks38
)
(C:\Users\LUCAS E GABRIEL\AppData\Local\Programs\MiKTeX\tex/latex/lm\lmodern.st
y
Package: lmodern 2015/05/01 v1.6.1 Latin Modern Fonts
LaTeX Font Info:    Overwriting symbol font `operators' in version `normal'
(Font)                  OT1/cmr/m/n --> OT1/lmr/m/n on input line 22.
LaTeX Font Info:    Overwriting symbol font `letters' in version `normal'
(Font)                  OML/cmm/m/it --> OML/lmm/m/it on input line 23.
LaTeX Font Info:    Overwriting symbol font `symbols' in version `normal'
(Font)                  OMS/cmsy/m/n --> OMS/lmsy/m/n on input line 24.
LaTeX Font Info:    Overwriting symbol font `largesymbols' in version `normal'
(Font)                  OMX/cmex/m/n --> OMX/lmex/m/n on input line 25.
LaTeX Font Info:    Overwriting symbol font `operators' in version `bold'
(Font)                  OT1/cmr/bx/n --> OT1/lmr/bx/n on input line 26.
LaTeX Font Info:    Overwriting symbol font `letters' in version `bold'
(Font)                  OML/cmm/b/it --> OML/lmm/b/it on input line 27.
LaTeX Font Info:    Overwriting symbol font `symbols' in version `bold'
(Font)                  OMS/cmsy/b/n --> OMS/lmsy/b/n on input line 28.
LaTeX Font Info:    Overwriting symbol font `largesymbols' in version `bold'
(Font)                  OMX/cmex/m/n --> OMX/lmex/m/n on input line 29.
LaTeX Font Info:    Overwriting math alphabet `\mathbf' in version `normal'
(Font)                  OT1/cmr/bx/n --> OT1/lmr/bx/n on input line 31.
LaTeX Font Info:    Overwriting math alphabet `\mathsf' in version `normal'
(Font)                  OT1/cmss/m/n --> OT1/lmss/m/n on input line 32.
LaTeX Font Info:    Overwriting math alphabet `\mathit' in version `normal'
(Font)                  OT1/cmr/m/it --> OT1/lmr/m/it on input line 33.
LaTeX Font Info:    Overwriting math alphabet `\mathtt' in version `normal'
(Font)                  OT1/cmtt/m/n --> OT1/lmtt/m/n on input line 34.
LaTeX Font Info:    Overwriting math alphabet `\mathbf' in version `bold'
(Font)                  OT1/cmr/bx/n --> OT1/lmr/bx/n on input line 35.
LaTeX Font Info:    Overwriting math alphabet `\mathsf' in version `bold'
(Font)                  OT1/cmss/bx/n --> OT1/lmss/bx/n on input line 36.
LaTeX Font Info:    Overwriting math alphabet `\mathit' in version `bold'
(Font)                  OT1/cmr/bx/it --> OT1/lmr/bx/it on input line 37.
LaTeX Font Info:    Overwriting math alphabet `\mathtt' in version `bold'
(Font)                  OT1/cmtt/m/n --> OT1/lmtt/m/n on input line 38.
)
(C:\Users\LUCAS E GABRIEL\AppData\Local\Programs\MiKTeX\tex/latex/fancyhdr\fanc
yhdr.sty
Package: fancyhdr 2025/02/07 v5.2 Extensive control of page headers and footers

\f@nch@headwidth=\skip76
\f@nch@offset@elh=\skip77
\f@nch@offset@erh=\skip78
\f@nch@offset@olh=\skip79
\f@nch@offset@orh=\skip80
\f@nch@offset@elf=\skip81
\f@nch@offset@erf=\skip82
\f@nch@offset@olf=\skip83
\f@nch@offset@orf=\skip84
\f@nch@height=\skip85
\f@nch@footalignment=\skip86
\f@nch@widthL=\skip87
\f@nch@widthC=\skip88
\f@nch@widthR=\skip89
\@temptokenb=\toks39
)
(C:\Users\LUCAS E GABRIEL\AppData\Local\Programs\MiKTeX\tex/latex/placeins\plac
eins.sty
Package: placeins 2005/04/18  v 2.2
)
(C:\Users\LUCAS E GABRIEL\AppData\Local\Programs\MiKTeX\tex/latex/graphics\grap
hicx.sty
Package: graphicx 2026-05-17 v1.2e Enhanced LaTeX Graphics (DPC,SPQR)

(C:\Users\LUCAS E GABRIEL\AppData\Local\Programs\MiKTeX\tex/latex/graphics\grap
hics.sty
Package: graphics 2026-05-17 v1.4h Standard LaTeX Graphics (DPC,SPQR)

(C:\Users\LUCAS E GABRIEL\AppData\Local\Programs\MiKTeX\tex/latex/graphics\trig
.sty
Package: trig 2023/12/02 v1.11 sin cos tan (DPC)
)
(C:\Users\LUCAS E GABRIEL\AppData\Local\Programs\MiKTeX\tex/latex/graphics-cfg\
graphics.cfg
File: graphics.cfg 2016/06/04 v1.11 sample graphics configuration
)
Package graphics Info: Driver file: pdftex.def on input line 106.
)
\Gin@req@height=\dimen260
\Gin@req@width=\dimen261
)
(C:\Users\LUCAS E GABRIEL\AppData\Local\Programs\MiKTeX\tex/latex/caption\subca
ption.sty
Package: subcaption 2023/07/28 v1.6b Sub-captions (AR)

(C:\Users\LUCAS E GABRIEL\AppData\Local\Programs\MiKTeX\tex/latex/caption\capti
on.sty
Package: caption 2023/08/05 v3.6o Customizing captions (AR)

(C:\Users\LUCAS E GABRIEL\AppData\Local\Programs\MiKTeX\tex/latex/caption\capti
on3.sty
Package: caption3 2023/07/31 v2.4d caption3 kernel (AR)
\caption@tempdima=\dimen262
\captionmargin=\dimen263
\caption@leftmargin=\dimen264
\caption@rightmargin=\dimen265
\caption@width=\dimen266
\caption@indent=\dimen267
\caption@parindent=\dimen268
\caption@hangindent=\dimen269
Package caption Info: Standard document class detected.
)
\c@caption@flags=\count348
\c@continuedfloat=\count349
Package caption Info: float package is loaded.
Package caption Info: hyperref package is loaded.
)
Package caption Info: New subtype `subfigure' on input line 238.
\c@subfigure=\count350
Package caption Info: New subtype `subtable' on input line 238.
\c@subtable=\count351
)
(C:\Users\LUCAS E GABRIEL\AppData\Local\Programs\MiKTeX\tex/latex/seqsplit\seqs
plit.sty
Package: seqsplit 2006/08/07 v0.1 Splitting long sequences (DNA, RNA, proteins,
 etc.) 
)
(C:\Users\LUCAS E GABRIEL\AppData\Local\Programs\MiKTeX\tex/latex/biblatex\bibl
atex.sty
Package: biblatex 2025/07/10 v3.21 programmable bibliographies (PK/MW)

(C:\Users\LUCAS E GABRIEL\AppData\Local\Programs\MiKTeX\tex/latex/logreq\logreq
.sty
Package: logreq 2010/08/04 v1.0 xml request logger
\lrq@indent=\count352

(C:\Users\LUCAS E GABRIEL\AppData\Local\Programs\MiKTeX\tex/latex/logreq\logreq
.def
File: logreq.def 2010/08/04 v1.0 logreq spec v1.0
))
(C:\Users\LUCAS E GABRIEL\AppData\Local\Programs\MiKTeX\tex/latex/base\ifthen.s
ty
Package: ifthen 2024/03/16 v1.1e Standard LaTeX ifthen package (DPC)
)
\c@tabx@nest=\count353
\c@listtotal=\count354
\c@listcount=\count355
\c@liststart=\count356
\c@liststop=\count357
\c@citecount=\count358
\c@citetotal=\count359
\c@multicitecount=\count360
\c@multicitetotal=\count361
\c@instcount=\count362
\c@maxnames=\count363
\c@minnames=\count364
\c@maxitems=\count365
\c@minitems=\count366
\c@citecounter=\count367
\c@maxcitecounter=\count368
\c@savedcitecounter=\count369
\c@uniquelist=\count370
\c@uniquename=\count371
\c@refsection=\count372
\c@refsegment=\count373
\c@maxextratitle=\count374
\c@maxextratitleyear=\count375
\c@maxextraname=\count376
\c@maxextradate=\count377
\c@maxextraalpha=\count378
\c@abbrvpenalty=\count379
\c@highnamepenalty=\count380
\c@lownamepenalty=\count381
\c@maxparens=\count382
\c@parenlevel=\count383
\blx@tempcnta=\count384
\blx@tempcntb=\count385
\blx@tempcntc=\count386
\c@blx@maxsection=\count387
\blx@maxsegment@0=\count388
\blx@notetype=\count389
\blx@parenlevel@text=\count390
\blx@parenlevel@foot=\count391
\blx@sectionciteorder@0=\count392
\blx@sectionciteorderinternal@0=\count393
\blx@entrysetcounter=\count394
\blx@biblioinstance=\count395
\labelnumberwidth=\skip90
\labelalphawidth=\skip91
\biblabelsep=\skip92
\bibitemsep=\skip93
\bibnamesep=\skip94
\bibinitsep=\skip95
\bibparsep=\skip96
\bibhang=\skip97
\blx@bcfin=\read4
\blx@bcfout=\write4
\blx@langwohyphens=\language79
\c@mincomprange=\count396
\c@maxcomprange=\count397
\c@mincompwidth=\count398
Package biblatex Info: Trying to load biblatex default data model...
Package biblatex Info: ... file 'blx-dm.def' found.

(C:\Users\LUCAS E GABRIEL\AppData\Local\Programs\MiKTeX\tex/latex/biblatex\blx-
dm.def
File: blx-dm.def 2025/07/10 v3.21 biblatex datamodel (PK/MW)
)
Package biblatex Info: Trying to load biblatex style data model...
Package biblatex Info: ... file 'ama.dbx' not found.
Package biblatex Info: Trying to load biblatex custom data model...
Package biblatex Info: ... file 'biblatex-dm.cfg' not found.
\c@afterword=\count399
\c@savedafterword=\count400
\c@annotator=\count401
\c@savedannotator=\count402
\c@author=\count403
\c@savedauthor=\count404
\c@bookauthor=\count405
\c@savedbookauthor=\count406
\c@commentator=\count407
\c@savedcommentator=\count408
\c@editor=\count409
\c@savededitor=\count410
\c@editora=\count411
\c@savededitora=\count412
\c@editorb=\count413
\c@savededitorb=\count414
\c@editorc=\count415
\c@savededitorc=\count416
\c@foreword=\count417
\c@savedforeword=\count418
\c@holder=\count419
\c@savedholder=\count420
\c@introduction=\count421
\c@savedintroduction=\count422
\c@namea=\count423
\c@savednamea=\count424
\c@nameb=\count425
\c@savednameb=\count426
\c@namec=\count427
\c@savednamec=\count428
\c@translator=\count429
\c@savedtranslator=\count430
\c@shortauthor=\count431
\c@savedshortauthor=\count432
\c@shorteditor=\count433
\c@savedshorteditor=\count434
\c@labelname=\count435
\c@savedlabelname=\count436
\c@institution=\count437
\c@savedinstitution=\count438
\c@lista=\count439
\c@savedlista=\count440
\c@listb=\count441
\c@savedlistb=\count442
\c@listc=\count443
\c@savedlistc=\count444
\c@listd=\count445
\c@savedlistd=\count446
\c@liste=\count447
\c@savedliste=\count448
\c@listf=\count449
\c@savedlistf=\count450
\c@location=\count451
\c@savedlocation=\count452
\c@organization=\count453
\c@savedorganization=\count454
\c@origlocation=\count455
\c@savedoriglocation=\count456
\c@origpublisher=\count457
\c@savedorigpublisher=\count458
\c@publisher=\count459
\c@savedpublisher=\count460
\c@language=\count461
\c@savedlanguage=\count462
\c@origlanguage=\count463
\c@savedoriglanguage=\count464
\c@pageref=\count465
\c@savedpageref=\count466
\shorthandwidth=\skip98
\shortjournalwidth=\skip99
\shortserieswidth=\skip100
\shorttitlewidth=\skip101
\shortauthorwidth=\skip102
\shorteditorwidth=\skip103
\locallabelnumberwidth=\skip104
\locallabelalphawidth=\skip105
\localshorthandwidth=\skip106
\localshortjournalwidth=\skip107
\localshortserieswidth=\skip108
\localshorttitlewidth=\skip109
\localshortauthorwidth=\skip110
\localshorteditorwidth=\skip111
Package biblatex Info: Trying to load compatibility code...
Package biblatex Info: ... file 'blx-compat.def' found.

(C:\Users\LUCAS E GABRIEL\AppData\Local\Programs\MiKTeX\tex/latex/biblatex\blx-
compat.def
File: blx-compat.def 2025/07/10 v3.21 biblatex compatibility (PK/MW)
)
Package biblatex Info: Trying to load generic definitions...
Package biblatex Info: ... file 'biblatex.def' found.

(C:\Users\LUCAS E GABRIEL\AppData\Local\Programs\MiKTeX\tex/latex/biblatex\bibl
atex.def
File: biblatex.def 2025/07/10 v3.21 biblatex compatibility (PK/MW)
\c@textcitecount=\count467
\c@textcitetotal=\count468
\c@textcitemaxnames=\count469
\c@biburlbigbreakpenalty=\count470
\c@biburlbreakpenalty=\count471
\c@biburlnumpenalty=\count472
\c@biburlucpenalty=\count473
\c@biburllcpenalty=\count474
\biburlbigskip=\muskip19
\biburlnumskip=\muskip20
\biburlucskip=\muskip21
\biburllcskip=\muskip22
\c@smartand=\count475
)
Package biblatex Info: Trying to load bibliography style 'ama'...
Package biblatex Info: ... file 'ama.bbx' found.
 (styles/ama.bbx
File: ama.bbx 2021/07/09 v0.1 biblatex bibliography style
Package biblatex Info: Trying to load bibliography style 'numeric'...
Package biblatex Info: ... file 'numeric.bbx' found.

(C:\Users\LUCAS E GABRIEL\AppData\Local\Programs\MiKTeX\tex/latex/biblatex/bbx\
numeric.bbx
File: numeric.bbx 2025/07/10 v3.21 biblatex bibliography style (PK/MW)
Package biblatex Info: Trying to load bibliography style 'standard'...
Package biblatex Info: ... file 'standard.bbx' found.

(C:\Users\LUCAS E GABRIEL\AppData\Local\Programs\MiKTeX\tex/latex/biblatex/bbx\
standard.bbx
File: standard.bbx 2025/07/10 v3.21 biblatex bibliography style (PK/MW)
\c@bbx:relatedcount=\count476
\c@bbx:relatedtotal=\count477
)))
Package biblatex Info: Trying to load citation style 'ama'...
Package biblatex Info: ... file 'ama.cbx' found.
 (styles/ama.cbx
File: ama.cbx 2021/07/09 v0.1 biblatex bibliography style
Package biblatex Info: Trying to load citation style 'ext-numeric'...
Package biblatex Info: ... file 'ext-numeric.cbx' found.

(C:\Users\LUCAS E GABRIEL\AppData\Local\Programs\MiKTeX\tex/latex/biblatex-ext\
ext-numeric.cbx
File: ext-numeric.cbx 2026/05/19 v0.21 extended biblatex numeric citation style
 (MW)
Package biblatex Info: Trying to load auxiliary code for ext-biblatex...
Package biblatex Info: ... file 'ext-biblatex-aux.def' found.

(C:\Users\LUCAS E GABRIEL\AppData\Local\Programs\MiKTeX\tex/latex/biblatex-ext\
ext-biblatex-aux.def
File: ext-biblatex-aux.def 2026/05/19 v0.21 auxiliaries for extended biblatex c
itation style (MW)
)
Package biblatex Info: Trying to load citation style 'numeric'...
Package biblatex Info: ... file 'numeric.cbx' found.

(C:\Users\LUCAS E GABRIEL\AppData\Local\Programs\MiKTeX\tex/latex/biblatex/cbx\
numeric.cbx
File: numeric.cbx 2025/07/10 v3.21 biblatex citation style (PK/MW)
Package biblatex Info: Redefining '\cite'.
Package biblatex Info: Redefining '\parencite'.
Package biblatex Info: Redefining '\footcite'.
Package biblatex Info: Redefining '\footcitetext'.
Package biblatex Info: Redefining '\smartcite'.
Package biblatex Info: Redefining '\supercite'.
Package biblatex Info: Redefining '\textcite'.
Package biblatex Info: Redefining '\textcites'.
Package biblatex Info: Redefining '\cites'.
Package biblatex Info: Redefining '\parencites'.
Package biblatex Info: Redefining '\smartcites'.
)
Package biblatex Info: Redefining '\cite'.
Package biblatex Info: Redefining '\parencite'.
Package biblatex Info: Redefining '\footcite'.
Package biblatex Info: Redefining '\footcitetext'.
Package biblatex Info: Redefining '\smartcite'.
Package biblatex Info: Redefining '\supercite'.
Package biblatex Info: Redefining '\cbx@textcite'.
Package biblatex Info: Redefining '\cbx@textcites'.
Package biblatex Info: Redefining '\cites'.
Package biblatex Info: Redefining '\parencites'.
Package biblatex Info: Redefining '\footcites'.
Package biblatex Info: Redefining '\footcitetexts'.
Package biblatex Info: Redefining '\smartcites'.
))
Package biblatex Info: Trying to load configuration file...
Package biblatex Info: ... file 'biblatex.cfg' found.

(C:\Users\LUCAS E GABRIEL\AppData\Local\Programs\MiKTeX\tex/latex/biblatex\bibl
atex.cfg
File: biblatex.cfg 
)
Package biblatex Info: Input encoding 'utf8' detected.
Package biblatex Info: Document encoding is UTF8 ....

(C:\Users\LUCAS E GABRIEL\AppData\Local\Programs\MiKTeX\tex/latex/l3kernel\expl
3.sty
Package: expl3 2026-07-20 L3 programming layer (loader) 

(C:\Users\LUCAS E GABRIEL\AppData\Local\Programs\MiKTeX\tex/latex/l3backend\l3b
ackend-pdftex.def
File: l3backend-pdftex.def 2026-07-20 L3 backend support: PDF output (pdfTeX)
\l__color_backend_stack_int=\count478
))
Package biblatex Info: ... and expl3
(biblatex)             2026-07-20 L3 programming layer (loader) 
(biblatex)             is new enough (at least 2020/04/06),
(biblatex)             setting 'casechanger=expl3'.

(C:\Users\LUCAS E GABRIEL\AppData\Local\Programs\MiKTeX\tex/latex/biblatex\blx-
case-expl3.sty
(C:\Users\LUCAS E GABRIEL\AppData\Local\Programs\MiKTeX\tex/latex/l3packages/xp
arse\xparse.sty
Package: xparse 2025-10-09 L3 Experimental document command parser
)
Package: blx-case-expl3 2025/07/10 v3.21 expl3 case changing code for biblatex
))
\@quotelevel=\count479
\@quotereset=\count480
LaTeX Font Info:    Trying to load font information for T1+lmr on input line 11
8.

(C:\Users\LUCAS E GABRIEL\AppData\Local\Programs\MiKTeX\tex/latex/lm\t1lmr.fd
File: t1lmr.fd 2015/05/01 v1.6.1 Font defs for Latin Modern
)
(main.aux)
\openout1 = `main.aux'.

LaTeX Font Info:    Checking defaults for OML/cmm/m/it on input line 118.
LaTeX Font Info:    ... okay on input line 118.
LaTeX Font Info:    Checking defaults for OMS/cmsy/m/n on input line 118.
LaTeX Font Info:    ... okay on input line 118.
LaTeX Font Info:    Checking defaults for OT1/cmr/m/n on input line 118.
LaTeX Font Info:    ... okay on input line 118.
LaTeX Font Info:    Checking defaults for T1/cmr/m/n on input line 118.
LaTeX Font Info:    ... okay on input line 118.
LaTeX Font Info:    Checking defaults for TS1/cmr/m/n on input line 118.
LaTeX Font Info:    ... okay on input line 118.
LaTeX Font Info:    Checking defaults for OMX/cmex/m/n on input line 118.
LaTeX Font Info:    ... okay on input line 118.
LaTeX Font Info:    Checking defaults for U/cmr/m/n on input line 118.
LaTeX Font Info:    ... okay on input line 118.
LaTeX Font Info:    Checking defaults for PD1/pdf/m/n on input line 118.
LaTeX Font Info:    ... okay on input line 118.
LaTeX Font Info:    Checking defaults for PU/pdf/m/n on input line 118.
LaTeX Font Info:    ... okay on input line 118.
Package hyperref Info: Link coloring ON on input line 118.
 (main.out) (main.out)
\@outlinefile=\write5
\openout5 = `main.out'.


(C:\Users\LUCAS E GABRIEL\AppData\Local\Programs\MiKTeX\tex/context/base/mkii\s
upp-pdf.mkii
[Loading MPS to PDF converter (version 2006.09.02).]
\scratchcounter=\count481
\scratchdimen=\dimen270
\scratchbox=\box66
\nofMPsegments=\count482
\nofMParguments=\count483
\everyMPshowfont=\toks40
\MPscratchCnt=\count484
\MPscratchDim=\dimen271
\MPnumerator=\count485
\makeMPintoPDFobject=\count486
\everyMPtoPDFconversion=\toks41
)
(C:\Users\LUCAS E GABRIEL\AppData\Local\Programs\MiKTeX\tex/latex/epstopdf-pkg\
epstopdf-base.sty
Package: epstopdf-base 2020-01-24 v2.11 Base part for package epstopdf
Package epstopdf-base Info: Redefining graphics rule for `.eps' on input line 4
85.

(C:\Users\LUCAS E GABRIEL\AppData\Local\Programs\MiKTeX\tex/latex/00miktex\epst
opdf-sys.cfg
File: epstopdf-sys.cfg 2021/03/18 v2.0 Configuration of epstopdf for MiKTeX
))
*geometry* driver: auto-detecting
*geometry* detected driver: pdftex
*geometry* verbose mode - [ preamble ] result:
* driver: pdftex
* paper: a4paper
* layout: <same size as paper>
* layoutoffset:(h,v)=(0.0pt,0.0pt)
* modes: 
* h-part:(L,W,R)=(89.62709pt, 418.25368pt, 89.6271pt)
* v-part:(T,H,B)=(101.40665pt, 591.5302pt, 152.11pt)
* \paperwidth=540.60236pt
* \paperheight=825.12991pt
* \textwidth=455.24408pt
* \textheight=654.41338pt
* \oddsidemargin=-28.37256pt
* \evensidemargin=-28.37256pt
* \topmargin=-66.57953pt
* \headheight=14.5pt
* \headsep=25.0pt
* \topskip=12.0pt
* \footskip=35.70274pt
* \marginparwidth=35.0pt
* \marginparsep=10.0pt
* \columnsep=10.0pt
* \skip\footins=10.8pt plus 4.0pt minus 2.0pt
* \hoffset=0.0pt
* \voffset=0.0pt
* \mag=1000
* \@twocolumnfalse
* \@twosidefalse
* \@mparswitchfalse
* \@reversemarginfalse
* (1in=72.27pt=25.4mm, 1cm=28.453pt)

\symgns@font=\mathgroup6
LaTeX Font Info:    Overwriting symbol font `gns@font' in version `bold'
(Font)                  TS1/lmr/m/n --> TS1/lmr/b/n on input line 118.
Package gensymb Info: Math companion symbols declared on input line 118.
LaTeX Info: Redefining \degree on input line 118.
LaTeX Info: Redefining \celsius on input line 118.
Package gensymb Info: Using text companion symbols for \degree, \celsius and \p
erthousand on input line 118.
LaTeX Info: Redefining \ohm on input line 118.
Package gensymb Info: Using \textohm for \ohm on input line 118.
Package gensymb Info: Using \textmu for \micro on input line 118.
Package caption Info: Begin \AtBeginDocument code.
Package caption Info: End \AtBeginDocument code.
Package biblatex Info: Trying to load language 'english'...
Package biblatex Info: ... file 'english.lbx' found.

(C:\Users\LUCAS E GABRIEL\AppData\Local\Programs\MiKTeX\tex/latex/biblatex/lbx\
english.lbx
File: english.lbx 2025/07/10 v3.21 biblatex localization (PK/MW)
)
Package biblatex Info: Input encoding 'utf8' detected.
Package biblatex Info: Automatic encoding selection.
(biblatex)             Assuming data encoding 'utf8'.
\openout4 = `main.bcf'.

Package biblatex Info: Trying to load bibliographic data...
Package biblatex Info: ... file 'main.bbl' found.
 (main.bbl)
Package biblatex Info: Reference section=0 on input line 118.
Package biblatex Info: Reference segment=0 on input line 118.
LaTeX Font Info:    Trying to load font information for T1+lmss on input line 1
20.

(C:\Users\LUCAS E GABRIEL\AppData\Local\Programs\MiKTeX\tex/latex/lm\t1lmss.fd
File: t1lmss.fd 2015/05/01 v1.6.1 Font defs for Latin Modern
)
LaTeX Font Info:    Trying to load font information for OT1+lmr on input line 1
20.
(C:\Users\LUCAS E GABRIEL\AppData\Local\Programs\MiKTeX\tex/latex/lm\ot1lmr.fd
File: ot1lmr.fd 2015/05/01 v1.6.1 Font defs for Latin Modern
)
LaTeX Font Info:    Trying to load font information for OML+lmm on input line 1
20.
(C:\Users\LUCAS E GABRIEL\AppData\Local\Programs\MiKTeX\tex/latex/lm\omllmm.fd
File: omllmm.fd 2015/05/01 v1.6.1 Font defs for Latin Modern
)
LaTeX Font Info:    Trying to load font information for OMS+lmsy on input line 
120.

(C:\Users\LUCAS E GABRIEL\AppData\Local\Programs\MiKTeX\tex/latex/lm\omslmsy.fd
File: omslmsy.fd 2015/05/01 v1.6.1 Font defs for Latin Modern
)
LaTeX Font Info:    Trying to load font information for OMX+lmex on input line 
120.

(C:\Users\LUCAS E GABRIEL\AppData\Local\Programs\MiKTeX\tex/latex/lm\omxlmex.fd
File: omxlmex.fd 2015/05/01 v1.6.1 Font defs for Latin Modern
)
LaTeX Font Info:    External font `lmex10' loaded for size
(Font)              <14.4> on input line 120.
LaTeX Font Info:    External font `lmex10' loaded for size
(Font)              <10> on input line 120.
LaTeX Font Info:    External font `lmex10' loaded for size
(Font)              <7> on input line 120.
LaTeX Font Info:    Trying to load font information for U+msa on input line 120
.

(C:\Users\LUCAS E GABRIEL\AppData\Local\Programs\MiKTeX\tex/latex/amsfonts\umsa
.fd
File: umsa.fd 2013/01/14 v3.01 AMS symbols A
)
LaTeX Font Info:    Trying to load font information for U+msb on input line 120
.

(C:\Users\LUCAS E GABRIEL\AppData\Local\Programs\MiKTeX\tex/latex/amsfonts\umsb
.fd
File: umsb.fd 2013/01/14 v3.01 AMS symbols B
)
LaTeX Font Info:    Trying to load font information for TS1+lmr on input line 1
20.

(C:\Users\LUCAS E GABRIEL\AppData\Local\Programs\MiKTeX\tex/latex/lm\ts1lmr.fd
File: ts1lmr.fd 2015/05/01 v1.6.1 Font defs for Latin Modern
)
LaTeX Font Info:    External font `lmex10' loaded for size
(Font)              <5> on input line 120.
LaTeX Font Info:    External font `lmex10' loaded for size
(Font)              <12> on input line 131.
LaTeX Font Info:    External font `lmex10' loaded for size
(Font)              <8> on input line 131.
LaTeX Font Info:    External font `lmex10' loaded for size
(Font)              <6> on input line 131.
[1

{C:/Users/LUCAS E GABRIEL/AppData/Local/MiKTeX/fonts/map/pdftex/pdftex.map}{C:/
Users/LUCAS E GABRIEL/AppData/Local/Programs/MiKTeX/fonts/enc/dvips/lm/lm-ec.en
c}{C:/Users/LUCAS E GABRIEL/AppData/Local/Programs/MiKTeX/fonts/enc/dvips/lm/lm
-ts1.enc}{C:/Users/LUCAS E GABRIEL/AppData/Local/Programs/MiKTeX/fonts/enc/dvip
s/lm/lm-rm.enc}{C:/Users/LUCAS E GABRIEL/AppData/Local/Programs/MiKTeX/fonts/en
c/dvips/lm/lm-mathit.enc}] [2] [3]
<Images/figure1_dataset_examples.png, id=117, 1786.675pt x 1663.21375pt>
File: Images/figure1_dataset_examples.png Graphic file (type png)
<use Images/figure1_dataset_examples.png>
Package pdftex.def Info: Images/figure1_dataset_examples.png  used on input lin
e 168.
(pdftex.def)             Requested size: 318.66946pt x 296.65005pt.
 [4 <./Images/figure1_dataset_examples.png (PNG copy)>] [5] [6] [7{C:/Users/LUC
AS E GABRIEL/AppData/Local/Programs/MiKTeX/fonts/enc/dvips/lm/lm-mathsy.enc}]
<Images/figure2_kbest_score_curve.png, id=143, 1782.66pt x 739.76375pt>
File: Images/figure2_kbest_score_curve.png Graphic file (type png)
<use Images/figure2_kbest_score_curve.png>
Package pdftex.def Info: Images/figure2_kbest_score_curve.png  used on input li
ne 218.
(pdftex.def)             Requested size: 409.71689pt x 170.01791pt.


LaTeX Warning: `h' float specifier changed to `ht'.

[8 <./Images/figure2_kbest_score_curve.png (PNG copy)>]

LaTeX Warning: `h' float specifier changed to `ht'.

[9] [10]
<Images/figure3_k_sweep_auc.png, id=169, 2685.03125pt x 878.28125pt>
File: Images/figure3_k_sweep_auc.png Graphic file (type png)
<use Images/figure3_k_sweep_auc.png>
Package pdftex.def Info: Images/figure3_k_sweep_auc.png  used on input line 348
.
(pdftex.def)             Requested size: 409.71689pt x 134.01476pt.
 [11 <./Images/figure3_k_sweep_auc.png (PNG copy)>]
<Images/figure4_roc_curves.png, id=175, 1778.645pt x 727.71875pt>
File: Images/figure4_roc_curves.png Graphic file (type png)
<use Images/figure4_roc_curves.png>
Package pdftex.def Info: Images/figure4_roc_curves.png  used on input line 383.

(pdftex.def)             Requested size: 409.71689pt x 167.62718pt.
<Images/figure5_prob_distribution_trackA.png, id=178, 2685.03125pt x 727.71875p
t>
File: Images/figure5_prob_distribution_trackA.png Graphic file (type png)
<use Images/figure5_prob_distribution_trackA.png>
Package pdftex.def Info: Images/figure5_prob_distribution_trackA.png  used on i
nput line 394.
(pdftex.def)             Requested size: 455.24408pt x 123.37743pt.


LaTeX Warning: `h' float specifier changed to `ht'.

<Images/figure6_prob_distribution_trackB.png, id=179, 2685.03125pt x 727.71875p
t>
File: Images/figure6_prob_distribution_trackB.png Graphic file (type png)
<use Images/figure6_prob_distribution_trackB.png>
Package pdftex.def Info: Images/figure6_prob_distribution_trackB.png  used on i
nput line 401.
(pdftex.def)             Requested size: 455.24408pt x 123.37743pt.

LaTeX Warning: `h' float specifier changed to `ht'.

[12 <./Images/figure4_roc_curves.png (PNG copy)>] [13 <./Images/figure5_prob_di
stribution_trackA.png (PNG copy)> <./Images/figure6_prob_distribution_trackB.pn
g (PNG copy)>] [14] [15] [16] [17] [18] [19]
runsystem(latexminted cleantemp  --timestamp 20260817232121 FAD58DE7366495DB465
0CFEFAC2FCD61)...disabled (restricted).

 (main.aux)
 ***********
LaTeX2e <2026-06-01>
L3 programming layer <2026-07-20>
 ***********
Package rerunfilecheck Info: File `main.out' has not changed.
(rerunfilecheck)             Checksum: 63604DCD730AEC5528CA3FBF9033F692;2084.
Package logreq Info: Writing requests to 'main.run.xml'.
\openout1 = `main.run.xml'.

 ) 
Here is how much of TeX's memory you used:
 25691 strings out of 467500
 506115 string characters out of 5403633
 1460792 words of memory out of 5000000
 54518 multiletter control sequences out of 15000+600000
 723007 words of font info for 105 fonts, out of 8000000 for 9000
 1141 hyphenation exceptions out of 8191
 82i,12n,96p,1437b,1543s stack positions out of 10000i,1000n,20000p,200000b,200000s
<C:/Users/LUCAS E GABRIEL/AppData/Local/Programs/MiKTeX/fonts/type1/public/lm
/lmbx10.pfb><C:/Users/LUCAS E GABRIEL/AppData/Local/Programs/MiKTeX/fonts/type1
/public/lm/lmbx12.pfb><C:/Users/LUCAS E GABRIEL/AppData/Local/Programs/MiKTeX/f
onts/type1/public/lm/lmbx8.pfb><C:/Users/LUCAS E GABRIEL/AppData/Local/Programs
/MiKTeX/fonts/type1/public/lm/lmbxi10.pfb><C:/Users/LUCAS E GABRIEL/AppData/Loc
al/Programs/MiKTeX/fonts/type1/public/lm/lmcsc10.pfb><C:/Users/LUCAS E GABRIEL/
AppData/Local/Programs/MiKTeX/fonts/type1/public/lm/lmmi12.pfb><C:/Users/LUCAS 
E GABRIEL/AppData/Local/Programs/MiKTeX/fonts/type1/public/lm/lmr10.pfb><C:/Use
rs/LUCAS E GABRIEL/AppData/Local/Programs/MiKTeX/fonts/type1/public/lm/lmr12.pf
b><C:/Users/LUCAS E GABRIEL/AppData/Local/Programs/MiKTeX/fonts/type1/public/lm
/lmr7.pfb><C:/Users/LUCAS E GABRIEL/AppData/Local/Programs/MiKTeX/fonts/type1/p
ublic/lm/lmr8.pfb><C:/Users/LUCAS E GABRIEL/AppData/Local/Programs/MiKTeX/fonts
/type1/public/lm/lmri10.pfb><C:/Users/LUCAS E GABRIEL/AppData/Local/Programs/Mi
KTeX/fonts/type1/public/lm/lmri12.pfb><C:/Users/LUCAS E GABRIEL/AppData/Local/P
rograms/MiKTeX/fonts/type1/public/lm/lmss8.pfb><C:/Users/LUCAS E GABRIEL/AppDat
a/Local/Programs/MiKTeX/fonts/type1/public/lm/lmsy10.pfb><C:/Users/LUCAS E GABR
IEL/AppData/Local/Programs/MiKTeX/fonts/type1/public/lm/lmsy8.pfb>
Output written on main.pdf (19 pages, 2359172 bytes).
PDF statistics:
 328 PDF objects out of 1000 (max. 8388607)
 59 named destinations out of 1000 (max. 500000)
 135 words of extra memory for PDF output out of 10000 (max. 10000000)

